// Jest Snapshot v1, https://goo.gl/fbAQLP

exports[`FilterBox snapshot testing 1`] = `
.c0 {
  display: -webkit-box;
  display: -webkit-flex;
  display: -ms-flexbox;
  display: flex;
  -webkit-flex-direction: column;
  -ms-flex-direction: column;
  flex-direction: column;
  margin: 24px 0 0 0;
}

.c4 {
  display: -webkit-box;
  display: -webkit-flex;
  display: -ms-flexbox;
  display: flex;
  -webkit-flex-direction: column;
  -ms-flex-direction: column;
  flex-direction: column;
}

.c9 {
  display: -webkit-box;
  display: -webkit-flex;
  display: -ms-flexbox;
  display: flex;
  -webkit-align-items: center;
  -webkit-box-align: center;
  -ms-flex-align: center;
  align-items: center;
}

.c3 {
  margin-bottom: 17px;
}

.c5 {
  font-size: 14px;
  outline: none;
  padding: 12px 16px;
  color: #525252;
  border: 2px solid #E0E0E0;
  border-radius: 2px;
}

.c5::-webkit-input-placeholder {
  color: #E0E0E0;
}

.c5::-moz-placeholder {
  color: #E0E0E0;
}

.c5:-ms-input-placeholder {
  color: #E0E0E0;
}

.c5::placeholder {
  color: #E0E0E0;
}

.c1 {
  font-size: 13px;
  line-height: 14px;
  color: #697488;
  font-weight: 600;
  margin: 0;
}

.c10 {
  font-size: 14px;
  line-height: 14px;
  color: #525252;
  font-weight: 600;
  margin: 0;
}

.c11 {
  font-size: 14px;
  line-height: 14px;
  color: #A8A8A8;
  font-weight: 400;
  margin: 0 0 0 4px;
}

.c2 {
  background-color: #fff;
  box-shadow: 0px 6px 24px rgba(93,62,188,0.04);
  border-radius: 2px;
  margin-top: 12px;
  padding: 24px;
  max-height: 244px;
  max-width: 296px;
  overflow: hidden;
}

.c6 {
  max-height: 131px;
  overflow-y: scroll;
  padding: 2px 4px;
}

.c7 {
  cursor: pointer;
  margin-bottom: 18px;
  display: -webkit-box;
  display: -webkit-flex;
  display: -ms-flexbox;
  display: flex;
  -webkit-align-items: center;
  -webkit-box-align: center;
  -ms-flex-align: center;
  align-items: center;
}

.c7:last-of-type {
  margin-bottom: 0;
}

.c8 {
  display: -webkit-box;
  display: -webkit-flex;
  display: -ms-flexbox;
  display: flex;
  -webkit-box-pack: center;
  -webkit-justify-content: center;
  -ms-flex-pack: center;
  justify-content: center;
  -webkit-align-items: center;
  -webkit-box-align: center;
  -ms-flex-align: center;
  align-items: center;
  width: 22px;
  height: 22px;
  box-shadow: 0px 1px 7px rgba(93,56,192,0.4);
  border-radius: 2px;
  margin: 0 8px 0 0;
}

@media (min-width:0px) and (max-width:768px) {
  .c0 {
    height: auto;
  }
}

@media (min-width:0px) and (max-width:768px) {
  .c4 {
    height: auto;
  }
}

@media (min-width:0px) and (max-width:768px) {
  .c9 {
    height: auto;
  }
}

@media (min-width:0px) and (max-width:768px) {
  .c2 {
    max-width: 100%;
  }
}

<div
  className="c0"
>
  <span
    className="c1"
    color="gray"
    size={13}
  >
    Brands
  </span>
  <div
    className="c2"
  >
    <div
      className="c3"
    >
      <div
        className="c4"
      >
        <input
          className="c5"
          onChange={[Function]}
          placeholder="Search Brands"
          type="text"
        />
      </div>
    </div>
    <div
      className="c6"
    >
      <div
        className="c7"
        onClick={[Function]}
      >
        <div
          checked={false}
          className="c8"
        />
        <div
          className="c9"
        >
          <span
            className="c10"
            color="black600"
            size={14}
          >
            key1
          </span>
          <span
            className="c11"
            color="thinGray"
            size={14}
          />
        </div>
      </div>
      <div
        className="c7"
        onClick={[Function]}
      >
        <div
          checked={false}
          className="c8"
        />
        <div
          className="c9"
        >
          <span
            className="c10"
            color="black600"
            size={14}
          >
            key2
          </span>
          <span
            className="c11"
            color="thinGray"
            size={14}
          />
        </div>
      </div>
    </div>
  </div>
</div>
`;
