// Jest Snapshot v1, https://goo.gl/fbAQLP

exports[`Input snapshot testing 1`] = `
.c1 {
  display: -webkit-box;
  display: -webkit-flex;
  display: -ms-flexbox;
  display: flex;
  -webkit-flex-direction: column;
  -ms-flex-direction: column;
  flex-direction: column;
}

.c0 {
  margin-bottom: 17px;
}

.c2 {
  font-size: 14px;
  outline: none;
  padding: 12px 16px;
  color: #525252;
  border: 2px solid #E0E0E0;
  border-radius: 2px;
}

.c2::-webkit-input-placeholder {
  color: #E0E0E0;
}

.c2::-moz-placeholder {
  color: #E0E0E0;
}

.c2:-ms-input-placeholder {
  color: #E0E0E0;
}

.c2::placeholder {
  color: #E0E0E0;
}

@media (min-width:0px) and (max-width:768px) {
  .c1 {
    height: auto;
  }
}

<div
  className="c0"
>
  <div
    className="c1"
  >
    <input
      className="c2"
      onChange={[Function]}
      placeholder="Search..."
      type="text"
    />
  </div>
</div>
`;
